| Query | Top-1 slug | Top score | Verdict | Neighbours |
|---|---|---|---|---|
| Redis caching in Spring Boot | meterreadingsservice-spring-boot-4-x-project | 0.500 | CREATE | 5: meterreadingsservice-spring-boot-4-x-project, spring-cli-and-maven-commands-for-spring-boot, issue-spring-boot-4-x-testcontainers-2-x-artifact-renames, spring-boot-3-4plus-initializr-generates-spring-boot-starter-webmvc-instead-of, spring-boot-4-breaking-changes-artifact-renames-and-test-module-split |
| Spring Boot 4 configuration properties binding | meterreadingsservice-spring-boot-4-x-project | 0.410 | CREATE | 2: meterreadingsservice-spring-boot-4-x-project, spring-cli-and-maven-commands-for-spring-boot |
| Storybook interaction testing with play functions | storybook-isolated-component-development-and-visual-documentation | 0.217 | CREATE | 0 |
| Java virtual threads with Spring Boot | meterreadingsservice-spring-boot-4-x-project | 0.486 | CREATE | 3: meterreadingsservice-spring-boot-4-x-project, spring-cli-and-maven-commands-for-spring-boot, spring-boot-4-breaking-changes-artifact-renames-and-test-module-split |
| Keycloak token exchange between clients | til-demoing-keycloak-plus-google-login-in-a-presentation | 0.315 | CREATE | 1: til-demoing-keycloak-plus-google-login-in-a-presentation |
| React Server Components data fetching | loader-component-pattern-react-frontend-conventions | 0.300 | CREATE | 1: loader-component-pattern-react-frontend-conventions |
| Kafka consumers with Testcontainers | testcontainers-docker-based-integration-testing | 0.311 | CREATE | 2: testcontainers-docker-based-integration-testing, issue-spring-boot-4-x-testcontainers-2-x-artifact-renames |
| Docker multi-stage build cache optimization | docker-compose-init-container-pattern-with-health-gated-sequencing | 0.163 | CREATE | 0 |
| JPA entity graph to avoid N+1 | creationtimestamp-and-updatetimestamp-require-a-database-flush | 0.119 | CREATE | 0 |
